// Jest Snapshot v1, https://goo.gl/fbAQLP

exports[`BackFromEditing mounts 1`] = `
<div>
  <a
    class="styles__c-btn___3kXsk styles__c-btn--subtle___2rRQ0 sto-app-back"
    href="/"
  >
    <span>
      <svg
        aria-hidden="true"
        class="styles__icon___23x3R"
        focusable="false"
        height="16"
        width="16"
      >
        <use
          xlink:href="#previous"
        />
      </svg>
    </span>
  </a>
</div>
`;
