// Jest Snapshot v1, https://goo.gl/fbAQLP

exports[`EditorView readOnly when false without a collabProvider should not disable the editor 1`] = `
<div>
  <article
    class="note-article"
  >
    <style>
      #coz-bar 
      { display: none }
    </style>
    <section
      class="note-editor-container"
    >
      <div
        data-disabled="false"
        data-should-focus="true"
        data-testid="Editor"
      >
        <div>
          <aside
            class="banner"
          />
          <div
            class="MuiFormControl-root MuiTextField-root title MuiFormControl-fullWidth"
            style="height: 0px;"
          >
            <div
              class="MuiInputBase-root MuiInput-root MuiInputBase-fullWidth MuiInput-fullWidth MuiInputBase-formControl MuiInput-formControl MuiInputBase-multiline MuiInput-multiline"
            >
              <textarea
                aria-invalid="false"
                class="MuiInputBase-input MuiInput-input titleInput MuiInputBase-inputMultiline MuiInput-inputMultiline"
                id="random-uuid-for-jest"
                placeholder="placeholder"
                rows="1"
                style="height: 0px; overflow: hidden;"
              >
                title
              </textarea>
              <textarea
                aria-hidden="true"
                class="MuiInputBase-input MuiInput-input titleInput MuiInputBase-inputMultiline MuiInput-inputMultiline"
                readonly=""
                style="visibility: hidden; position: absolute; overflow: hidden; height: 0px; top: 0px; left: 0px; transform: translateZ(0); width: 100%;"
                tabindex="-1"
              />
            </div>
          </div>
        </div>
      </div>
    </section>
  </article>
</div>
`;
