// Jest Snapshot v1, https://goo.gl/fbAQLP

exports[`SavingIndicator when dirtySince is falsy when lastSave is 1 day ago should match snapshot 1`] = `"<div class=\\"u-text saving-indicator\\">Up to date (saved 1 day ago)</div>"`;

exports[`SavingIndicator when dirtySince is falsy when lastSave is 1 hour ago should match snapshot 1`] = `"<div class=\\"u-text saving-indicator\\">Up to date (saved 1 hour ago)</div>"`;

exports[`SavingIndicator when dirtySince is falsy when lastSave is 1 min ago should match snapshot 1`] = `"<div class=\\"u-text saving-indicator\\">Up to date (saved 1 min. ago)</div>"`;

exports[`SavingIndicator when dirtySince is falsy when lastSave is 3 hour ago should match snapshot 1`] = `"<div class=\\"u-text saving-indicator\\">Up to date (saved 3 hours ago)</div>"`;

exports[`SavingIndicator when dirtySince is falsy when lastSave is 5 min ago should match snapshot 1`] = `"<div class=\\"u-text saving-indicator\\">Up to date (saved 5 min. ago)</div>"`;

exports[`SavingIndicator when dirtySince is falsy when lastSave is 10 day ago should match snapshot 1`] = `"<div class=\\"u-text saving-indicator\\">Up to date (saved 10 days ago)</div>"`;

exports[`SavingIndicator when dirtySince is falsy when lastSave is 15 min ago should match snapshot 1`] = `"<div class=\\"u-text saving-indicator\\">Up to date (saved 15 min. ago)</div>"`;

exports[`SavingIndicator when dirtySince is falsy when lastSave is 28 min ago should match snapshot 1`] = `"<div class=\\"u-text saving-indicator\\">Up to date (saved 20 min. ago)</div>"`;

exports[`SavingIndicator when dirtySince is falsy when lastSave is 45 sec ago should match snapshot 1`] = `"<div class=\\"u-text saving-indicator\\">Up to date (saved 40 sec. ago)</div>"`;

exports[`SavingIndicator when dirtySince is falsy when lastSave is 50 min ago should match snapshot 1`] = `"<div class=\\"u-text saving-indicator\\">Up to date (saved 50 min. ago)</div>"`;

exports[`SavingIndicator when dirtySince is falsy when lastSave is few seconds ago should match snapshot 1`] = `"<div class=\\"u-text saving-indicator\\">Up to date</div>"`;

exports[`SavingIndicator when dirtySince is truthy when dirtySince is a few minutes ago should match snapshot 1`] = `"<div class=\\"u-text saving-indicator\\">Changes unsaved</div>"`;

exports[`SavingIndicator when dirtySince is truthy when dirtySince is a few seconds ago should match snapshot 1`] = `"<div class=\\"u-text saving-indicator\\">Saving...</div>"`;
